// Jest Snapshot v1, https://goo.gl/fbAQLP

exports[`Calendar Wrapper should render correctly in "debug" mode 1`] = `
<table
  className="sc-AxjAm esviAA"
/>
`;
